src/App.tsx(1,8): error TS6133: 'React' is declared but its value is never read.
src/App.tsx(6,1): error TS6133: 'AirHockey' is declared but its value is never read.
src/App.tsx(7,1): error TS6133: 'BalloonPop' is declared but its value is never read.
src/App.tsx(8,1): error TS6133: 'LaserDodger' is declared but its value is never read.
src/App.tsx(9,1): error TS6133: 'Pictionary' is declared but its value is never read.
src/components/Lobby.tsx(14,47): error TS6133: 'appState' is declared but its value is never read.
src/games/BaloonPop.tsx(23,5): error TS6133: 'playerId' is declared but its value is never read.
src/games/BaloonPop.tsx(24,5): error TS6133: 'gameState' is declared but its value is never read.
src/games/BaloonPop.tsx(25,5): error TS6133: 'onStateUpdate' is declared but its value is never read.
src/games/BaloonPop.tsx(28,12): error TS6133: 'balloons' is declared but its value is never read.
src/games/BaloonPop.tsx(28,22): error TS6133: 'setBalloons' is declared but its value is never read.
src/games/BaloonPop.tsx(29,19): error TS6133: 'setScore' is declared but its value is never read.
src/games/BaloonPop.tsx(30,22): error TS6133: 'setTimeLeft' is declared but its value is never read.
src/games/LaserDodger.tsx(13,5): error TS6133: 'playerId' is declared but its value is never read.
src/games/LaserDodger.tsx(14,5): error TS6133: 'gameState' is declared but its value is never read.
src/games/LaserDodger.tsx(15,5): error TS6133: 'onStateUpdate' is declared but its value is never read.
src/games/Pictionary.tsx(13,5): error TS6133: 'playerId' is declared but its value is never read.
src/games/Pictionary.tsx(14,5): error TS6133: 'gameState' is declared but its value is never read.
src/games/Pictionary.tsx(15,5): error TS6133: 'onStateUpdate' is declared but its value is never read.
src/games/Pictionary.tsx(18,11): error TS6133: 'drawingRef' is declared but its value is never read.
src/hooks/useHandTracking.ts(51,13): error TS2322: Type 'number' is not assignable to type '0 | 1 | undefined'.
src/hooks/useWebRTC.ts(1,29): error TS6133: 'useState' is declared but its value is never read.
src/hooks/useWebSocket.ts(2,1): error TS6192: All imports in import declaration are unused.
